| `[trait_only]` | 0 | 0 | 47 |
| `[client_service]` | 0 | 5 | 70 |
| `[expose` | 0 | 58 | 240 |
| `[rpc]` | 0 | 43 | 472 |
| `[resource]` | 8 | 50 | 536 |
| `[platform(` | 0 | 29 | 188 |
| `[must_use]` | 4 | 18 | 79 |
| `[hint(` | 0 | 4 | 47 |
| `[internal(` | 0 | 3 | 106 |
| `[deprecated(` | 0 | 4 | 81 |
| `[extern(` | 2 | 46 | 249 |
| `[derive(` | 24 | 56 | 965 |
| `[service` | 0 | 39 | 359 |
| `const fun` | 0 | 5 | 58 |
| `const let` | 0 | 7 | 71 |
| `lazy let` | 0 | 4 | 57 |
| `export [` | 0 | 3 | 33 |
| `external fun` | 2 | 29 | 264 |
| `external struct` | 0 | 30 | 102 |
| `macro fun` | 6 | 5 | 121 |
| `async fun` | 4 | 38 | 267 |
| `async external` | 2 | 1 | 11 |
