vilan 0.40.0 (d65d4e759)
word     let      param    field    method   function variant  closure  alias    typename 
async    X        X        X        X        X        X        X        X        X        
await    X        X        X        X        X        X        X        X        X        
const    X        X        X        X        X        X        X        X        X        
css      X        X        X        X        X        X        X        X        X        
dyn      X        X        X        X        X        X        X        X        X        
else     X        X        X        X        X        X        X        X        X        
enum     X        X        X        X        X        X        X        X        X        
export   X        X        X        X        X        X        X        X        X        
external X        X        X        X        X        X        X        X        X        
for      X        X        X        X        X        X        X        X        X        
fun      X        X        X        X        X        X        X        X        X        
if       X        X        X        X        X        X        X        X        X        
impl     X        X        X        X        X        X        X        X        X        
import   X        X        X        X        X        X        X        X        X        
in       X        X        X        X        X        X        X        X        X        
is       X        X        X        X        X        X        X        X        X        
jump     X        X        X        X        X        X        X        X        X        
lazy     X        X        X        X        X        X        X        X        X        
let      X        X        X        X        X        X        X        X        X        
macro    X        X        X        X        X        X        X        X        X        
match    X        X        X        X        X        X        X        X        X        
mod      X        X        X        X        X        X        X        X        X        
mut      X        X        X        X        X        X        X        X        X        
null     X        X        X        X        X        X        X        X        X        
own      X        X        X        X        X        X        X        X        X        
borrows  X        X        X        X        X        X        X        X        X        
ret      X        X        X        X        X        X        X        X        X        
resource X        X        X        X        X        X        X        X        X        
struct   X        X        X        X        X        X        X        X        X        
trait    X        X        X        X        X        X        X        X        X        
type     X        X        X        X        X        X        X        X        X        
use      X        X        X        X        X        X        X        X        X        
with     X        X        X        X        X        X        X        X        X        
context  ok       ok       ok       ok       ok       ok       ok       ok       ok       
sync     ok       ok       ok       ok       ok       ok       ok       ok       ok       
as       ok       ok       ok       ok       ok       ok       ok       ok       ok       
only     ok       ok       ok       ok       ok       ok       ok       ok       ok       
self     ok       ok       ok       ok       ok       ok       ok       ok       ok       
Self     ok       ok       ok       X        ok       ok       ok       ok       ok       
void     X        X        ok       ok       X        ok       X        X        ok       
layer    ok       ok       ok       ok       ok       ok       ok       ok       ok       
== precedent.vl (as/only/sync/context as names beside their keyword readings)
42
== json_type.vl (a JSON key "type" and [derive(Json)])
{"type_":"click","id":1}
refused: missing field type_
== bindgen over w.d.ts (members lazy/css/dyn/type/with)
Generated widget.vl
Error: expected `;` to end this statement
== juxt.vl (a closure literal's return type followed by a local named context)
42
== self_field.vl on JS, then native
3
error: `self` cannot be a raw identifier
error: `super` cannot be a raw identifier
== wire_shadow.vl ([derive(Wire)] with a field named deserializer)
Error: in code generated by this attribute: 'i32' does not implement trait 'Deserialize', required by a generic bound of this call
Error: in code generated by this attribute: a `&mut` parameter takes a view; pass `&mut <place>` (there is no implicit borrow).
