# vilan: vilan 0.41.1 (07e8db372)
# load average at start: 62.93 61.89 53.35
=== store/store_lens.vl (js)
subscribed: wakes=0 compares=0 slots=11 nodes=4 built=1
whole write, zip changed: woke [address.zip address user] wakes=3 compares=8 slots=0 nodes=0
same-variant write, since changed: woke [online.since presence user] wakes=3 compares=8 slots=0 nodes=0 built+=0
variant switch to Offline: woke [presence.tag online.name online.since presence user] wakes=5 compares=6 slots=0 nodes=0
variant switch back Online: woke [presence.tag online.name online.since presence user] wakes=7 compares=6 slots=0 nodes=0 built+=1
whole write, scores[b] changed: woke [user] wakes=1 compares=9 slots=0 nodes=0
whole write, nothing changed: woke [-] wakes=0 compares=9 slots=0 nodes=0
lens set address.city: woke [address.city address user] wakes=3 compares=8 slots=0 nodes=0 root.city=Bergen
lens set, same value: woke [-] wakes=0 compares=9 slots=0 nodes=0
lens set through variant: woke [online.name presence user] wakes=4 compares=8 slots=0 nodes=0 built+=0
lens set through a dead variant: woke [-] presence=false
lens set scores[a] = None: woke [scores[a] user] wakes=2 compares=6 slots=0 nodes=0
--- layout T (side table)
new + one read: wakes=0 compares=0 slots=0 nodes=0
subscribed: wakes=0 compares=0 slots=11 nodes=0 built=1
whole write, zip changed: woke [address.zip address user] wakes=3 compares=11 slots=0 nodes=0
same-variant write, since changed: woke [user presence online.since] wakes=3 compares=11 slots=0 nodes=0 built+=0
variant switch to Offline: woke [user presence presence.tag online.name online.since] wakes=5 compares=11 slots=0 nodes=0
variant switch back Online: woke [user presence presence.tag online.name online.since] wakes=7 compares=11 slots=0 nodes=0 built+=1
whole write, scores[b] changed: woke [user] wakes=1 compares=11 slots=0 nodes=0
whole write, nothing changed: woke [-] wakes=0 compares=11 slots=0 nodes=0
lens set address.city: woke [address.city address user] wakes=3 compares=11 slots=0 nodes=0 root.city=Bergen
--- layout C (coarse cell, a projection per leaf)
no distinct, zip changed: runs=8 wakes=8
distinct, zip changed: runs=8 wakes=3 compares=8
--- same-variant writes: 100 writes, each changing `since` only
store:  built=1 name_wakes=0 wakes=100
coarse: runs=300 name_wakes=100
--- timing: 20000 whole writes, each changing `age`
I, 0 slots:  ms=136 compares=0
I, 11 slots: ms=217 wakes=40000 compares=160000
T, 11 slots: ms=588 wakes=40000 compares=220000
C, 11 distinct projections: ms=285 runs=220000 wakes=40000 compares=220000
I, lens set age x20000: ms=163 wakes=40000 compares=160000
--- scale: 1000 keys, each observed; 200 writes to one key
I, whole write:        ms=841 wakes=200 compares=200000
I, lens set, full diff: ms=405 wakes=200 compares=200000
I, lens set, spine:     ms=0 wakes=200 compares=200
C, distinct per key:   ms=217 runs=200000 wakes=200 compares=200000
leaf reads x2000 on a 1000-key root: ms=6 (chars=8000)
=== store/store_derive.vl (js)
--- layout D (derive: uniform nodes, composed handles)
new + one read: wakes=0 compares=0 slots=0 nodes=1
subscribed: wakes=0 compares=0 slots=11 nodes=13 built=1
whole write, zip changed: woke [address.zip address user] wakes=3 compares=8 slots=0 nodes=0
same-variant write, since changed: woke [presence.online.since presence user] wakes=3 compares=8 slots=0 nodes=0 built+=0
variant switch to Offline: woke [presence.tag presence.online.name presence.online.since presence user] wakes=5 compares=6 slots=0 nodes=0
variant switch back Online: woke [presence.tag presence.online.name presence.online.since presence user] wakes=7 compares=6 slots=0 nodes=0 built+=1
whole write, scores[b] changed: woke [user] wakes=1 compares=9 slots=0 nodes=0
whole write, nothing changed: woke [-] wakes=0 compares=9 slots=0 nodes=0
handle set address.city: woke [address.city address user] wakes=3 compares=1 slots=0 nodes=0 root.city=Bergen
handle set, same value: woke [-] wakes=0 compares=1 slots=0 nodes=0
handle set through variant: woke [presence.online.name presence user] wakes=4 compares=1 slots=0 nodes=0 root.device=tablet
handle set through a dead variant: woke [-] online=false
handle set scores[a] = None: woke [scores[a] user] wakes=2 compares=1 slots=0 nodes=0
--- timing: 20000 whole writes, each changing `age`
D, 0 slots:  ms=753 compares=0
D, 11 slots: ms=894 wakes=40000 compares=160000
D, handle set age x20000 (spine): ms=76 wakes=40000 compares=20000
--- scale: 1000 keys, each observed; 200 writes to one key
D, whole write:      ms=1108 wakes=200 compares=200000
D, handle set (spine): ms=2 wakes=200 compares=200
leaf reads x2000 on a 1000-key root: ms=838 (chars=8000)
leaf reads x2000 through the in-place lend: ms=1 (chars=8000)
=== store/std_lens.vl (js)
effect sees Oslo
effect sees Bergen
root.city=Bergen shout=Bergen!
effect sees Trondheim S
after batch: root.city=Trondheim S shout=Trondheim S! effect runs=3
=== store/compose_modify.vl (js)
Oslo
Bergen
0150
=== store/derive_tiers.vl (js)
derived: per field
leaf, compared
leaf, always changed
leaf, compared
=== store/leaf_tier.vl (js)
false
true
false
true
=== store/extend_instantiation.vl (js)
Oslo
Bergen
=== store/field_reach.vl (js)
1
=== store/map_eq.vl (js)
Error: in code generated by this attribute: type 'Map' does not implement the `PartialEq` operator; add `impl Map with PartialEq` providing `eq`
   ╭─[ probes/store/map_eq.vl:4:9 ]
   │
 4 │ [derive(PartialEq)]
   │         ────┬────  
   │             ╰────── in code generated by this attribute: type 'Map' does not implement the `PartialEq` operator; add `impl Map with PartialEq` providing `eq`
───╯
Error: type 'Map' does not implement the `PartialEq` operator; add `impl Map with PartialEq` providing `eq`
    ╭─[ probes/store/map_eq.vl:12:8 ]
    │
 12 │     print(a == b);
    │           ───┬──  
    │              ╰──── type 'Map' does not implement the `PartialEq` operator; add `impl Map with PartialEq` providing `eq`
────╯
=== store/set_eq.vl (js)
Error: type 'Set' does not implement the `PartialEq` operator; add `impl Set with PartialEq` providing `eq`
   ╭─[ probes/store/set_eq.vl:7:8 ]
   │
 7 │     print(a == b);
   │           ───┬──  
   │              ╰──── type 'Set' does not implement the `PartialEq` operator; add `impl Set with PartialEq` providing `eq`
───╯
=== store/find_bare_place_call.vl (js)
file:///tmp/vilan-run-594783.mjs:21
	p[0][p[1]] = "sync";
	           ^
TypeError: Cannot create property 'l' on string 'o'
    at file:///tmp/vilan-run-594783.mjs:21:13
    at apply_sync (file:///tmp/vilan-run-594783.mjs:7:2)
    at file:///tmp/vilan-run-594783.mjs:20:1
    at ModuleJob.run (node:internal/modules/esm/module_job:358:25)
    at async onImport.tracePromise.__proto__ (node:internal/modules/esm/loader:665:26)
    at async asyncRunEntryPointWithESMLoader (node:internal/modules/run_main:99:5)
Node.js v24.2.0
=== store/find_bare_place_call.vl (rust)
sync
local
list
=== store/find_view_closure_read.vl (js)
[ [ 'Oslo', '1' ], 0 ]
[ [ true ], 0 ]
=== store/find_view_closure_read.vl (rust)
   |
   = note: expected struct `Rc<(dyn for<'a> Fn(&'a bool) + 'static)>`
              found struct `Rc<dyn Fn(bool) -> _>`

Some errors have detailed explanations: E0308, E0614.
For more information about an error, try `rustc --explain E0308`.
error: could not compile `find_view_closure_read` (bin "find_view_closure_read") due to 4 previous errors
error: `cargo build` refused the emitted Rust. That is a BACKEND defect, not a defect in the vilan program — please report it with the program and `dist/native/*/src/main.rs`.
=== store/find_deref_copy_aliases.vl (js)
after mutating a copy inside a fun: x=99  (expected 1)
snapshot taken before the write: x=2 tag=b  (expected 1 a)
=== store/find_view_field.vl (js)
Error: a view cannot escape its scope: it may not be returned, stored in a field, placed in a collection, or carried in an enum payload. Return an owned value or a handle instead.
    ╭─[ probes/store/find_view_field.vl:24:23 ]
    │
 24 │ ╭─▶     let h = Holder { f = |&mut p| {
    ┆ ┆   
 26 │ ├─▶     } };
    │ │              
    │ ╰────────────── a view cannot escape its scope: it may not be returned, stored in a field, placed in a collection, or carried in an enum payload. Return an owned value or a handle instead.
────╯
=== maps/order.vl (js)
[ 'a', 'c', 'b', 'd' ]
[ 10, 3, 20, 4 ]
[ 3, 2, 1 ]
[ 5, 1, 3 ]
=== maps/order.vl (rust)
[ 'a', 'c', 'b', 'd' ]
[ 10, 3, 20, 4 ]
[ 3, 2, 1 ]
[ 5, 1, 3 ]
=== maps/per_key.vl (js)
coarse: n=1000 writes=1000 projection_runs=1000000 observer_calls=1000000 ms=167831
keyed:  n=1000 writes=1000 observer_calls=1000 ms=11
keyed log: 1000 ops; first=Put(0, None, 0)
Put(3, Some(429), 99)
Put(3, Some(99), 100)
Delete(3, 100)
at(3) now=None at(4)=Some(572)
=== maps/keyed_census.vl (js)
remove x1000 from 10000: front ms=942 back ms=2
two updates to two keys: list observer woke 2 times
locate(5) = at 5, label five (a snapshot, not a source)
set via KeyedCell<str, str>: a,b,c
=== maps/void_value.vl (js)
1
true
=== maps/find_struct_default_param.vl (js)
Error: Expected Ordered<str, i32>, but got Ordered<str, i32, Insertion> instead.
    ╭─[ probes/maps/find_struct_default_param.vl:21:13 ]
    │
 21 │     print(size(m));
    │                ┬  
    │                ╰── Expected Ordered<str, i32>, but got Ordered<str, i32, Insertion> instead.
────╯
=== maps/churn.vl (js)
n=0 len=1 seen=2000 ms=2
=== maps/churn.vl (js)
n=20000 len=1 seen=2000 ms=1
=== maps/churn.vl (js)
n=200000 len=1 seen=2000 ms=1
=== maps/churn_native_0_2000.vl (rust, release) user=0.001
=== maps/churn_native_0_2000.vl (rust, release) user=0.001
=== maps/churn_native_0_2000.vl (rust, release) user=0.001
=== maps/churn_native_200000_0.vl (rust, release) user=0.007
=== maps/churn_native_200000_0.vl (rust, release) user=0.015
=== maps/churn_native_200000_0.vl (rust, release) user=0.012
=== maps/churn_native_200000_2000.vl (rust, release) user=0.161
=== maps/churn_native_200000_2000.vl (rust, release) user=0.155
=== maps/churn_native_200000_2000.vl (rust, release) user=0.157
# load average at end: 40.56 52.74 51.77
