vilan 0.43.0 (fe092e8d1)
== d1_print.vl
[ 1, 2 ]
[ [ 1, 2 ], [ 3, 4 ], 'diag' ]
[ [ [ 1, 2 ], [ 3, 4 ], 'd' ], [ 'a', 'b' ] ]
[ 0, 1.5 ]
[ 1, 2, 3 ]
[ 2 ]
[ 1, [ [ 0, 1 ], [ 1, [Array] ] ] ]
[ [ 1, 2 ], [ 3, 4 ] ]
[ [ [ [Array] ] ] ]
[ 1, 'two', 3 ]
[ 0, 5 ]
[ 1 ]
[ 0, 1 ]
[ [ [ 2, 3 ], {} ] ]
{ v: [ 7, 8 ] }
[ { v: 3 }, { v: [] } ]
6
[Function: add]
[ Map(1) { 'one' => [ 'one', 1 ] } ]
[
   1,  2,  3,  4,  5,  6,  7,
   8,  9, 10, 11, 12, 13, 14,
  15, 16, 17, 18, 19, 20, 21,
  22
]
a string
42
3
x = 1
(exit 0)
== d2_debug.vl
Point { x = 1, y = 2 }
Line { from = Point { x = 1, y = 2 }, to = Point { x = 3, y = 4 }, label = "di\"ag" }
Circle(1.5)
Empty
3
(exit 0)
== d3_debug_list.vl
Error: in code generated by this attribute: List<i32> has no method 'debug'
   ╭─[ d3_debug_list.vl:2:9 ]
   │
 2 │ [derive(Debug)]
   │         ──┬──  
   │           ╰──── in code generated by this attribute: List<i32> has no method 'debug'
───╯
Error: in code generated by this attribute: Option<i32> has no method 'debug'
   ╭─[ d3_debug_list.vl:2:9 ]
   │
 2 │ [derive(Debug)]
   │         ──┬──  
   │           ╰──── in code generated by this attribute: Option<i32> has no method 'debug'
───╯
(exit 0)
== d4_debug_generic.vl
Error: 'List<i32>' does not implement trait 'Debug', required by a generic bound of this call
   ╭─[ d4_debug_generic.vl:3:20 ]
   │
 2 │ fun show<T: Debug>(value: T): str { value.debug() }
   │          ┬  
   │          ╰── the bound is declared here
 3 │ fun main() { print(show([1, 2])); print(show((1, 2))); print(show(Some(1))); }
   │                    ──────┬─────  
   │                          ╰─────── 'List<i32>' does not implement trait 'Debug', required by a generic bound of this call
───╯
Error: '(i32, i32)' does not implement trait 'Debug', required by a generic bound of this call
   ╭─[ d4_debug_generic.vl:3:41 ]
   │
 2 │ fun show<T: Debug>(value: T): str { value.debug() }
   │          ┬  
   │          ╰── the bound is declared here
 3 │ fun main() { print(show([1, 2])); print(show((1, 2))); print(show(Some(1))); }
   │                                         ──────┬─────  
   │                                               ╰─────── '(i32, i32)' does not implement trait 'Debug', required by a generic bound of this call
───╯
Error: 'Option<i32>' does not implement trait 'Debug', required by a generic bound of this call
   ╭─[ d4_debug_generic.vl:3:62 ]
   │
 2 │ fun show<T: Debug>(value: T): str { value.debug() }
   │          ┬  
   │          ╰── the bound is declared here
 3 │ fun main() { print(show([1, 2])); print(show((1, 2))); print(show(Some(1))); }
   │                                                              ──────┬──────  
   │                                                                    ╰──────── 'Option<i32>' does not implement trait 'Debug', required by a generic bound of this call
───╯
(exit 0)
== d6_panic.vl

node:internal/modules/run_main:105
    triggerUncaughtException(
    ^
index out of bounds: the length is 2 but the index is 5
(Use `node --trace-uncaught ...` to show where the exception was thrown)

Node.js v24.2.0
(exit 0)
== d7_panic2.vl

node:internal/modules/run_main:105
    triggerUncaughtException(
    ^
n too small
(Use `node --trace-uncaught ...` to show where the exception was thrown)

Node.js v24.2.0
(exit 0)
== d9_resource.vl
Error: the resource `Guard` cannot be used where `any` is expected: `any` is a data sink, and a resource must keep its single owner (it cannot be copied into one); debug-print its fields instead
   ╭─[ d9_resource.vl:5:8 ]
   │
 5 │     print(guard);
   │           ──┬──  
   │             ╰──── the resource `Guard` cannot be used where `any` is expected: `any` is a data sink, and a resource must keep its single owner (it cannot be copied into one); debug-print its fields instead
───╯
(exit 0)
== d10_print_two.vl
Error: `print` expects 1 argument, but got 2 instead.
   ╭─[ d10_print_two.vl:1:19 ]
   │
 1 │ fun main() { print(1, 2); }
   │                   ───┬──  
   │                      ╰──── `print` expects 1 argument, but got 2 instead.
   │
   ├─[ /home/reed/.vilan/std-cache/c5da717c5654d25c/std/src/io.vl:8:14 ]
   │
 8 │ external fun print(message: any): void;
   │              ──┬──  
   │                ╰──── `print` is declared here
───╯
(exit 0)
== d12_interp_struct.vl
Error: `+` on `str` concatenates, and `Point` has no string form: concatenating it renders the value's runtime shape — a struct is a tuple, an enum a tagged array — not the value. Call `.to_string()` on it, implementing `Display` for its type if it has none; an i-string hole is this same concatenation, so it needs the same call — but a `css` block's hole is not, and a typed style value belongs in one: `border: 1px solid {Color::gray(500)};` keeps the value typed and carries its `:root` line onto the sheet
   ╭─[ d12_interp_struct.vl:4:8 ]
   │
 4 │     print(i"p = {p}");
   │           ────┬────  
   │               ╰────── `+` on `str` concatenates, and `Point` has no string form: concatenating it renders the value's runtime shape — a struct is a tuple, an enum a tagged array — not the value. Call `.to_string()` on it, implementing `Display` for its type if it has none; an i-string hole is this same concatenation, so it needs the same call — but a `css` block's hole is not, and a typed style value belongs in one: `border: 1px solid {Color::gray(500)};` keeps the value typed and carries its `:root` line onto the sheet
───╯
Error: `+` on `str` concatenates, and `List<i32>` has no string form: concatenating it renders the value's runtime shape — a struct is a tuple, an enum a tagged array — not the value. Call `.to_string()` on it, implementing `Display` for its type if it has none; an i-string hole is this same concatenation, so it needs the same call — but a `css` block's hole is not, and a typed style value belongs in one: `border: 1px solid {Color::gray(500)};` keeps the value typed and carries its `:root` line onto the sheet
   ╭─[ d12_interp_struct.vl:5:8 ]
   │
 5 │     print(i"list = {[1, 2]}");
   │           ────────┬────────  
   │                   ╰────────── `+` on `str` concatenates, and `List<i32>` has no string form: concatenating it renders the value's runtime shape — a struct is a tuple, an enum a tagged array — not the value. Call `.to_string()` on it, implementing `Display` for its type if it has none; an i-string hole is this same concatenation, so it needs the same call — but a `css` block's hole is not, and a typed style value belongs in one: `border: 1px solid {Color::gray(500)};` keeps the value typed and carries its `:root` line onto the sheet
───╯
(exit 0)
== emitted d5_emit.mjs
function area(self) {
	return self[0] * self[1];
}
function $a(items) {
	let sum = 0;
	for (const item of items) {
		const part = area(item);
		sum = sum + part;
	}
	return sum;
}
const points = [ [ 1, 2 ], [ 3, 4 ] ];
const shadow = 1;
const shadow2 = shadow + 1;
console.log($a(points) + shadow2);
-- sourceMappingURL lines: 0
-- no .map file
== emitted d8_mono_names.mjs
function __at(list, index) {
	if (index >= 0 && index < list.length) return list[index];
	throw "index out of bounds: the length is " + list.length + " but the index is " + index;
}
function __clone(value) {
	if (Array.isArray(value)) return value.map(__clone);
	if (value instanceof Set) return new Set([ ...value ].map(__clone));
	if (value instanceof Map) return new Map([ ...value ].map(([ k, v ]) => [ __clone(k), __clone(v) ]));
	return value;
}
function twice(n) {
	return n * 2;
}
function $a(items) {
	return __clone(__at(items, 0));
}
console.log($a([ 1, 2 ]));
console.log($a([ "a", "b" ]));
console.log(twice(3));
-- sourceMappingURL lines: 0
-- no .map file
== emitted d6_panic.mjs
function __at(list, index) {
	if (index >= 0 && index < list.length) return list[index];
	throw "index out of bounds: the length is " + list.length + " but the index is " + index;
}
function inner(values) {
	return __at(values, 5);
}
function outer() {
	return inner([ 1, 2 ]) + 1;
}
console.log(outer());
-- sourceMappingURL lines: 0
-- no .map file
== emitted d7_panic2.mjs
function assert(condition, message) {
	let $a = null;
	if (!(condition)) {
		$a = (() => {
			throw message;
		})();
	}
	return $a;
}
function check(n) {
	assert(n > 3, "n too small");
}
check(1);
-- sourceMappingURL lines: 0
-- no .map file
